// Jest Snapshot v1, https://goo.gl/fbAQLP

exports[`should render properly the Air Component Card 1`] = `
<div
  className="sc-bdvvtL kIatee"
>
  <div
    className="sc-gsDKAQ kuZoDU"
  >
    Monoxyde de carbone
  </div>
  <div
    className="sc-dkPtRN keSRXu"
  >
    12.35
    Î¼g/m3
  </div>
</div>
`;
